name.huliqing.luoying.LuoYing -> name.huliqing.luoying.LuoYing:
    name.huliqing.luoying.state.start.StartState startState -> startState
    com.jme3.app.StatsAppState stateView -> stateView
    com.jme3.app.state.AppState currentState -> currentState
    void <init>() -> <init>
    void main(java.lang.String[]) -> main
    java.lang.Object[] createIcons() -> createIcons
    void start(com.jme3.system.JmeContext$Type,boolean) -> start
    void startCanvas(boolean) -> startCanvas
    void startInit() -> startInit
    void loadData() -> loadData
    void simpleInitApp() -> simpleInitApp
    void simpleRender(com.jme3.renderer.RenderManager) -> simpleRender
    void changeStartState() -> changeStartState
    void changeLanState() -> changeLanState
    void changeState(com.jme3.app.state.AppState) -> changeState
    void checkToDisplayAd(com.jme3.app.state.AppState,com.jme3.app.state.AppState) -> checkToDisplayAd
    void preDetach() -> preDetach
    void preStartState() -> preStartState
    void simpleUpdate(float) -> simpleUpdate
    void destroy() -> destroy
    void setDebugView(boolean) -> setDebugView
name.huliqing.luoying.LyClientPlayState -> name.huliqing.luoying.a:
    name.huliqing.luoying.LuoYing fighter -> a
    void <init>(name.huliqing.luoying.LuoYing,name.huliqing.ly.network.GameClient) -> <init>
    void exit() -> exit
name.huliqing.luoying.LyLabPlayState -> name.huliqing.luoying.b:
    name.huliqing.ly.layer.service.ActorService actorService -> a
    name.huliqing.ly.layer.service.StateService stateService -> b
    name.huliqing.ly.layer.service.SkillService skillService -> c
    name.huliqing.ly.layer.service.SceneService sceneService -> d
    name.huliqing.ly.object.actor.Actor npc1 -> e
    name.huliqing.ly.object.actor.Actor npc2 -> f
    int level -> g
    java.lang.String[] actorIds -> h
    void <init>(com.jme3.app.Application,name.huliqing.ly.data.GameData) -> <init>
    void initialize(com.jme3.app.state.AppStateManager,com.jme3.app.Application) -> initialize
    void changeGameState(name.huliqing.ly.state.GameState) -> changeGameState
    name.huliqing.ly.object.actor.Actor loadActor(int) -> a
    void update(float) -> update
    java.util.List getClients() -> getClients
    void kickClient(int) -> kickClient
    void onSelectPlayer(java.lang.String,java.lang.String) -> onSelectPlayer
    void exit() -> exit
    name.huliqing.ly.object.actor.Actor access$002(name.huliqing.luoying.LyLabPlayState,name.huliqing.ly.object.actor.Actor) -> a
    java.lang.String[] access$100(name.huliqing.luoying.LyLabPlayState) -> a
    name.huliqing.ly.object.actor.Actor access$200(name.huliqing.luoying.LyLabPlayState,int) -> a
    name.huliqing.ly.object.actor.Actor access$000(name.huliqing.luoying.LyLabPlayState) -> b
    name.huliqing.ly.layer.service.ActorService access$300(name.huliqing.luoying.LyLabPlayState) -> c
    name.huliqing.ly.object.actor.Actor access$402(name.huliqing.luoying.LyLabPlayState,name.huliqing.ly.object.actor.Actor) -> b
    name.huliqing.ly.object.actor.Actor access$400(name.huliqing.luoying.LyLabPlayState) -> d
    name.huliqing.ly.state.GameState access$500(name.huliqing.luoying.LyLabPlayState) -> e
    name.huliqing.ly.state.GameState access$600(name.huliqing.luoying.LyLabPlayState) -> f
    name.huliqing.ly.state.GameState access$700(name.huliqing.luoying.LyLabPlayState) -> g
name.huliqing.luoying.LyLabPlayState$1 -> name.huliqing.luoying.c:
    name.huliqing.luoying.LyLabPlayState this$0 -> a
    void <init>(name.huliqing.luoying.LyLabPlayState) -> <init>
    void onGameStarted(name.huliqing.ly.object.game.Game) -> onGameStarted
name.huliqing.luoying.LyLanServerPlayState -> name.huliqing.luoying.d:
    name.huliqing.luoying.LuoYing app -> a
    void <init>(name.huliqing.luoying.LuoYing,name.huliqing.ly.network.GameServer) -> <init>
    void exit() -> exit
name.huliqing.luoying.LyStoryServerPlayState -> name.huliqing.luoying.e:
    name.huliqing.luoying.LuoYing app -> a
    void <init>(name.huliqing.luoying.LuoYing,name.huliqing.ly.data.GameData,name.huliqing.ly.save.SaveStory) -> <init>
    void exit() -> exit
name.huliqing.luoying.state.lan.CreateRoomState -> name.huliqing.luoying.a.a.w:
    name.huliqing.ly.layer.service.GameService gameService -> a
    name.huliqing.luoying.LuoYing app -> b
    name.huliqing.luoying.state.lan.CreateRoomStateGameListPanel gameList -> c
    name.huliqing.ly.view.HelpView helpCreate -> d
    name.huliqing.luoying.state.lan.CreateRoomStateBtnPanel btnPanel -> e
    void <init>() -> <init>
    void initialize(com.jme3.app.state.AppStateManager,com.jme3.app.Application) -> initialize
    void createRoom() -> a
    void backToLanState() -> b
    void cleanup() -> cleanup
name.huliqing.luoying.state.lan.CreateRoomStateBtnPanel -> name.huliqing.luoying.a.a.x:
    name.huliqing.luoying.state.lan.CreateRoomState createRoomState -> a
    name.huliqing.ly.view.SimpleBtn btnCreate -> b
    name.huliqing.ly.view.SimpleBtn btnBack -> c
    void <init>(float,float,name.huliqing.luoying.state.lan.CreateRoomState) -> <init>
    void updateViewChildren() -> updateViewChildren
    name.huliqing.luoying.state.lan.CreateRoomState access$000(name.huliqing.luoying.state.lan.CreateRoomStateBtnPanel) -> a
name.huliqing.luoying.state.lan.CreateRoomStateBtnPanel$1 -> name.huliqing.luoying.a.a.y:
    name.huliqing.luoying.state.lan.CreateRoomStateBtnPanel this$0 -> a
    void <init>(name.huliqing.luoying.state.lan.CreateRoomStateBtnPanel) -> <init>
    void onClick(name.huliqing.ly.ui.UI,boolean) -> onClick
name.huliqing.luoying.state.lan.CreateRoomStateBtnPanel$2 -> name.huliqing.luoying.a.a.z:
    name.huliqing.luoying.state.lan.CreateRoomStateBtnPanel this$0 -> a
    void <init>(name.huliqing.luoying.state.lan.CreateRoomStateBtnPanel) -> <init>
    void onClick(name.huliqing.ly.ui.UI,boolean) -> onClick
name.huliqing.luoying.state.lan.CreateRoomStateGameListPanel -> name.huliqing.luoying.a.a.aa:
    name.huliqing.ly.layer.service.ConfigService configService -> a
    name.huliqing.ly.layer.service.GameService gameService -> b
    name.huliqing.luoying.state.lan.CreateRoomStateGameListPanel$GameList gameList -> c
    name.huliqing.luoying.state.lan.LanGameInfoView overview -> d
    void <init>(float,float) -> <init>
    void updateViewChildren() -> updateViewChildren
    java.lang.String getSelected() -> a
    name.huliqing.ly.layer.service.ConfigService access$200(name.huliqing.luoying.state.lan.CreateRoomStateGameListPanel) -> a
    name.huliqing.ly.layer.service.GameService access$300(name.huliqing.luoying.state.lan.CreateRoomStateGameListPanel) -> b
    name.huliqing.luoying.state.lan.LanGameInfoView access$400(name.huliqing.luoying.state.lan.CreateRoomStateGameListPanel) -> c
    name.huliqing.luoying.state.lan.CreateRoomStateGameListPanel$GameList access$500(name.huliqing.luoying.state.lan.CreateRoomStateGameListPanel) -> d
name.huliqing.luoying.state.lan.CreateRoomStateGameListPanel$GameList -> name.huliqing.luoying.a.a.ab:
    java.util.List games -> b
    name.huliqing.luoying.state.lan.CreateRoomStateGameListPanel$GameRow selected -> c
    name.huliqing.luoying.state.lan.CreateRoomStateGameListPanel this$0 -> a
    void <init>(name.huliqing.luoying.state.lan.CreateRoomStateGameListPanel,float,float) -> <init>
    name.huliqing.ly.ui.Row createEmptyRow() -> createEmptyRow
    java.util.List getDatas() -> getDatas
    void setSelected(int) -> a
    void setSelected(name.huliqing.luoying.state.lan.CreateRoomStateGameListPanel$GameRow) -> a
    name.huliqing.luoying.state.lan.CreateRoomStateGameListPanel$GameRow access$000(name.huliqing.luoying.state.lan.CreateRoomStateGameListPanel$GameList) -> a
name.huliqing.luoying.state.lan.CreateRoomStateGameListPanel$GameRow -> name.huliqing.luoying.a.a.ac:
    java.lang.String gameId -> b
    name.huliqing.luoying.state.lan.CreateRoomStateGameListPanel this$0 -> a
    void <init>(name.huliqing.luoying.state.lan.CreateRoomStateGameListPanel) -> <init>
    void displayRow(java.lang.String) -> a
    void updateViewChildren() -> updateViewChildren
    void setActive(boolean) -> a
    void clickEffect(boolean) -> clickEffect
    void displayRow(java.lang.Object) -> displayRow
    java.lang.String access$100(name.huliqing.luoying.state.lan.CreateRoomStateGameListPanel$GameRow) -> a
name.huliqing.luoying.state.lan.CreateRoomStateGameListPanel$GameRow$1 -> name.huliqing.luoying.a.a.ad:
    name.huliqing.luoying.state.lan.CreateRoomStateGameListPanel val$this$0 -> a
    name.huliqing.luoying.state.lan.CreateRoomStateGameListPanel$GameRow this$1 -> b
    void <init>(name.huliqing.luoying.state.lan.CreateRoomStateGameListPanel$GameRow,name.huliqing.luoying.state.lan.CreateRoomStateGameListPanel) -> <init>
    void onClick(name.huliqing.ly.ui.UI,boolean) -> onClick
name.huliqing.luoying.state.lan.LanGameInfoView -> name.huliqing.luoying.a.a.a:
    name.huliqing.ly.ui.Text title -> a
    name.huliqing.ly.ui.Icon separate -> b
    name.huliqing.ly.ui.Text content -> c
    name.huliqing.ly.ui.Icon image -> d
    float imageRate -> e
    void <init>() -> <init>
    void updateViewChildren() -> updateViewChildren
    void setWidth(float) -> setWidth
    void setGameData(name.huliqing.ly.data.GameData) -> a
name.huliqing.luoying.state.lan.LanState -> name.huliqing.luoying.a.a.b:
    name.huliqing.ly.layer.service.ConfigService configService -> a
    name.huliqing.luoying.LuoYing app -> b
    name.huliqing.luoying.state.lan.LanStateRoomListPanel roomPanel -> c
    name.huliqing.ly.view.IpAddressPanel manualPanel -> d
    name.huliqing.ly.ui.LinearLayout helpPanel -> e
    name.huliqing.ly.view.HelpView helpNoGame -> f
    name.huliqing.ly.view.HelpView helpHaveGame -> g
    name.huliqing.luoying.state.lan.LanStateBtnPanel btnPanel -> h
    name.huliqing.ly.network.discover.UDPDiscover clientDiscover -> i
    java.util.concurrent.Future manualFuture -> j
    java.util.List pingList -> k
    name.huliqing.luoying.state.lan.LanState$PingThread pingThread -> l
    void <init>() -> <init>
    void initialize(com.jme3.app.state.AppStateManager,com.jme3.app.Application) -> initialize
    void enterRoom() -> a
    void createRoom() -> b
    void backToStart() -> c
    void showManualPanel() -> d
    void manualConnect(java.lang.String) -> a
    void update(float) -> update
    void cleanup() -> cleanup
    void updateHelpUI(int) -> a
    name.huliqing.luoying.state.lan.LanState$PingRoom updateRoomPing(name.huliqing.ly.network.discover.MessCSPing) -> a
    void putPingRoom(name.huliqing.luoying.state.lan.RoomData,java.lang.String,int) -> a
    void removePingRoom(name.huliqing.luoying.state.lan.RoomData) -> a
    void sendPing(name.huliqing.luoying.state.lan.LanState$PingRoom) -> a
    name.huliqing.ly.view.IpAddressPanel access$000(name.huliqing.luoying.state.lan.LanState) -> b
    name.huliqing.ly.layer.service.ConfigService access$300(name.huliqing.luoying.state.lan.LanState) -> c
    name.huliqing.luoying.state.lan.LanStateRoomListPanel access$400(name.huliqing.luoying.state.lan.LanState) -> d
    void access$500(name.huliqing.luoying.state.lan.LanState,name.huliqing.luoying.state.lan.RoomData,java.lang.String,int) -> a
    void access$600(name.huliqing.luoying.state.lan.LanState,name.huliqing.luoying.state.lan.RoomData) -> a
    name.huliqing.luoying.state.lan.LanState$PingRoom access$700(name.huliqing.luoying.state.lan.LanState,name.huliqing.ly.network.discover.MessCSPing) -> a
    void access$800(name.huliqing.luoying.state.lan.LanState,int) -> a
    name.huliqing.luoying.LuoYing access$900(name.huliqing.luoying.state.lan.LanState) -> e
    java.util.List access$1100(name.huliqing.luoying.state.lan.LanState) -> a
    void access$1200(name.huliqing.luoying.state.lan.LanState,name.huliqing.luoying.state.lan.LanState$PingRoom) -> a
name.huliqing.luoying.state.lan.LanState$1 -> name.huliqing.luoying.a.a.c:
    name.huliqing.luoying.state.lan.LanState this$0 -> a
    void <init>(name.huliqing.luoying.state.lan.LanState) -> <init>
    void onClick(name.huliqing.ly.ui.UI,boolean) -> onClick
name.huliqing.luoying.state.lan.LanState$2 -> name.huliqing.luoying.a.a.ae:
    java.lang.String val$ipAddress -> a
    name.huliqing.luoying.state.lan.LanState this$0 -> b
    void <init>(name.huliqing.luoying.state.lan.LanState,java.lang.String) -> <init>
    name.huliqing.ly.network.GameClient call() -> a
    java.lang.Object call() -> call
name.huliqing.luoying.state.lan.LanState$ClientDiscoverListener -> name.huliqing.luoying.a.a.d:
    name.huliqing.luoying.state.lan.LanState this$0 -> a
    void <init>(name.huliqing.luoying.state.lan.LanState) -> <init>
    void receive(java.lang.Object,name.huliqing.ly.network.discover.UDPDiscover,java.net.DatagramPacket) -> receive
    void <init>(name.huliqing.luoying.state.lan.LanState,name.huliqing.luoying.state.lan.LanState$1) -> <init>
name.huliqing.luoying.state.lan.LanState$ClientDiscoverListener$1 -> name.huliqing.luoying.a.a.af:
    java.lang.Object val$object -> a
    java.net.DatagramPacket val$packet -> b
    name.huliqing.luoying.state.lan.LanState$ClientDiscoverListener this$1 -> c
    void <init>(name.huliqing.luoying.state.lan.LanState$ClientDiscoverListener,java.lang.Object,java.net.DatagramPacket) -> <init>
    java.lang.Object call() -> call
name.huliqing.luoying.state.lan.LanState$PingRoom -> name.huliqing.luoying.a.a.e:
    name.huliqing.luoying.state.lan.RoomData roomData -> e
    java.lang.String discoverAddress -> a
    int discoverPort -> b
    short pingId -> c
    long pingTime -> d
    name.huliqing.luoying.state.lan.LanState this$0 -> f
    void <init>(name.huliqing.luoying.state.lan.LanState) -> <init>
    void <init>(name.huliqing.luoying.state.lan.LanState,name.huliqing.luoying.state.lan.LanState$1) -> <init>
name.huliqing.luoying.state.lan.LanState$PingThread -> name.huliqing.luoying.a.a.f:
    boolean started -> b
    long interval -> c
    name.huliqing.luoying.state.lan.LanState this$0 -> a
    void <init>(name.huliqing.luoying.state.lan.LanState) -> <init>
    void end() -> a
    void run() -> run
    void <init>(name.huliqing.luoying.state.lan.LanState,name.huliqing.luoying.state.lan.LanState$1) -> <init>
name.huliqing.luoying.state.lan.LanStateBtnPanel -> name.huliqing.luoying.a.a.g:
    name.huliqing.luoying.state.lan.LanState lanState -> a
    name.huliqing.ly.view.SimpleBtn btnEnter -> b
    name.huliqing.ly.view.SimpleBtn btnNew -> c
    name.huliqing.ly.view.SimpleBtn btnBack -> d
    name.huliqing.ly.view.SimpleBtn btnManual -> e
    void <init>(float,float,name.huliqing.luoying.state.lan.LanState) -> <init>
    void updateViewChildren() -> updateViewChildren
    name.huliqing.luoying.state.lan.LanState access$000(name.huliqing.luoying.state.lan.LanStateBtnPanel) -> a
name.huliqing.luoying.state.lan.LanStateBtnPanel$1 -> name.huliqing.luoying.a.a.h:
    name.huliqing.luoying.state.lan.LanStateBtnPanel this$0 -> a
    void <init>(name.huliqing.luoying.state.lan.LanStateBtnPanel) -> <init>
    void onClick(name.huliqing.ly.ui.UI,boolean) -> onClick
name.huliqing.luoying.state.lan.LanStateBtnPanel$2 -> name.huliqing.luoying.a.a.i:
    name.huliqing.luoying.state.lan.LanStateBtnPanel this$0 -> a
    void <init>(name.huliqing.luoying.state.lan.LanStateBtnPanel) -> <init>
    void onClick(name.huliqing.ly.ui.UI,boolean) -> onClick
name.huliqing.luoying.state.lan.LanStateBtnPanel$3 -> name.huliqing.luoying.a.a.j:
    name.huliqing.luoying.state.lan.LanStateBtnPanel this$0 -> a
    void <init>(name.huliqing.luoying.state.lan.LanStateBtnPanel) -> <init>
    void onClick(name.huliqing.ly.ui.UI,boolean) -> onClick
name.huliqing.luoying.state.lan.LanStateBtnPanel$4 -> name.huliqing.luoying.a.a.k:
    name.huliqing.luoying.state.lan.LanStateBtnPanel this$0 -> a
    void <init>(name.huliqing.luoying.state.lan.LanStateBtnPanel) -> <init>
    void onClick(name.huliqing.ly.ui.UI,boolean) -> onClick
name.huliqing.luoying.state.lan.LanStateRoomListPanel -> name.huliqing.luoying.a.a.l:
    name.huliqing.ly.ui.LinearLayout titlePanel -> a
    name.huliqing.ly.ui.Text titleGame -> b
    name.huliqing.ly.ui.Text titleHostName -> c
    name.huliqing.ly.ui.Text titleVersion -> d
    name.huliqing.ly.ui.Text titleState -> e
    name.huliqing.ly.ui.Text titlePing -> f
    name.huliqing.luoying.state.lan.LanStateRoomListPanel$RoomList roomList -> g
    void <init>(float,float) -> <init>
    int getRoomSize() -> a
    void updateViewChildren() -> updateViewChildren
    void addOrUpdateRoom(name.huliqing.luoying.state.lan.RoomData) -> a
    void removeRoom(name.huliqing.luoying.state.lan.RoomData) -> b
    name.huliqing.luoying.state.lan.RoomData getSelected() -> b
    name.huliqing.luoying.state.lan.LanStateRoomListPanel$RoomList access$300(name.huliqing.luoying.state.lan.LanStateRoomListPanel) -> a
    name.huliqing.ly.ui.Text access$500(name.huliqing.luoying.state.lan.LanStateRoomListPanel) -> b
    name.huliqing.ly.ui.Text access$600(name.huliqing.luoying.state.lan.LanStateRoomListPanel) -> c
    name.huliqing.ly.ui.Text access$700(name.huliqing.luoying.state.lan.LanStateRoomListPanel) -> d
    name.huliqing.ly.ui.Text access$800(name.huliqing.luoying.state.lan.LanStateRoomListPanel) -> e
    name.huliqing.ly.ui.Text access$900(name.huliqing.luoying.state.lan.LanStateRoomListPanel) -> f
name.huliqing.luoying.state.lan.LanStateRoomListPanel$RoomList -> name.huliqing.luoying.a.a.m:
    java.util.List datas -> b
    name.huliqing.luoying.state.lan.LanStateRoomListPanel$RoomRow selected -> c
    name.huliqing.luoying.state.lan.LanStateRoomListPanel this$0 -> a
    void <init>(name.huliqing.luoying.state.lan.LanStateRoomListPanel,float,float) -> <init>
    void addItem(name.huliqing.luoying.state.lan.RoomData) -> a
    boolean removeItem(name.huliqing.luoying.state.lan.RoomData) -> b
    void setNeedUpdate() -> setNeedUpdate
    name.huliqing.ly.ui.Row createEmptyRow() -> createEmptyRow
    java.util.List getDatas() -> getDatas
    void setSelectRoom(int) -> a
    void selectRoom(name.huliqing.luoying.state.lan.LanStateRoomListPanel$RoomRow) -> a
    boolean removeItem(java.lang.Object) -> removeItem
    void addItem(java.lang.Object) -> addItem
    java.util.List access$000(name.huliqing.luoying.state.lan.LanStateRoomListPanel$RoomList) -> a
    name.huliqing.luoying.state.lan.LanStateRoomListPanel$RoomRow access$100(name.huliqing.luoying.state.lan.LanStateRoomListPanel$RoomList) -> b
    void access$400(name.huliqing.luoying.state.lan.LanStateRoomListPanel$RoomList,name.huliqing.luoying.state.lan.LanStateRoomListPanel$RoomRow) -> a
name.huliqing.luoying.state.lan.LanStateRoomListPanel$RoomRow -> name.huliqing.luoying.a.a.ag:
    name.huliqing.luoying.state.lan.RoomData data -> b
    name.huliqing.ly.ui.Text desLabel -> c
    name.huliqing.ly.ui.Text hostNameLabel -> d
    name.huliqing.ly.ui.Text versionLabel -> e
    name.huliqing.ly.ui.Text stateLabel -> f
    name.huliqing.ly.ui.Text pingLabel -> g
    name.huliqing.luoying.state.lan.LanStateRoomListPanel this$0 -> a
    void <init>(name.huliqing.luoying.state.lan.LanStateRoomListPanel) -> <init>
    void displayRow(name.huliqing.luoying.state.lan.RoomData) -> a
    void updateViewChildren() -> updateViewChildren
    void setActive(boolean) -> a
    void displayRow(java.lang.Object) -> displayRow
    name.huliqing.luoying.state.lan.RoomData access$200(name.huliqing.luoying.state.lan.LanStateRoomListPanel$RoomRow) -> a
name.huliqing.luoying.state.lan.LanStateRoomListPanel$RoomRow$1 -> name.huliqing.luoying.a.a.ah:
    name.huliqing.luoying.state.lan.LanStateRoomListPanel val$this$0 -> a
    name.huliqing.luoying.state.lan.LanStateRoomListPanel$RoomRow this$1 -> b
    void <init>(name.huliqing.luoying.state.lan.LanStateRoomListPanel$RoomRow,name.huliqing.luoying.state.lan.LanStateRoomListPanel) -> <init>
    void onClick(name.huliqing.ly.ui.UI,boolean) -> onClick
name.huliqing.luoying.state.lan.RoomData -> name.huliqing.luoying.a.a.n:
    java.lang.String host -> a
    int port -> b
    java.lang.String version -> c
    java.lang.String hostName -> d
    java.lang.String des -> e
    name.huliqing.ly.network.GameServer$ServerState serverState -> f
    int ping -> g
    void <init>(java.lang.String,int,java.lang.String,java.lang.String,java.lang.String,name.huliqing.ly.network.GameServer$ServerState) -> <init>
    java.lang.String getHost() -> a
    int getPort() -> b
    java.lang.String getVersion() -> c
    java.lang.String getHostName() -> d
    java.lang.String getDes() -> e
    name.huliqing.ly.network.GameServer$ServerState getServerState() -> f
    int getPing() -> g
    void setPing(int) -> a
    boolean compare(name.huliqing.luoying.state.lan.RoomData) -> a
    void updateFrom(name.huliqing.luoying.state.lan.RoomData) -> b
name.huliqing.luoying.state.lan.RoomState -> name.huliqing.luoying.a.a.o:
    void startGame() -> b
    void kickClient() -> c
    void back() -> a
name.huliqing.luoying.state.lan.RoomStateBtnPanel -> name.huliqing.luoying.a.a.p:
    name.huliqing.luoying.state.lan.RoomState roomState -> a
    name.huliqing.ly.view.SimpleBtn btnStart -> b
    name.huliqing.ly.view.SimpleBtn btnKick -> c
    name.huliqing.ly.view.SimpleBtn btnBack -> d
    void <init>(float,float,name.huliqing.luoying.state.lan.RoomState) -> <init>
    void updateViewChildren() -> updateViewChildren
    name.huliqing.ly.view.SimpleBtn getBtnStart() -> a
    name.huliqing.ly.view.SimpleBtn getBtnKick() -> b
    name.huliqing.luoying.state.lan.RoomState access$000(name.huliqing.luoying.state.lan.RoomStateBtnPanel) -> a
name.huliqing.luoying.state.lan.RoomStateBtnPanel$1 -> name.huliqing.luoying.a.a.q:
    name.huliqing.luoying.state.lan.RoomStateBtnPanel this$0 -> a
    void <init>(name.huliqing.luoying.state.lan.RoomStateBtnPanel) -> <init>
    void onClick(name.huliqing.ly.ui.UI,boolean) -> onClick
name.huliqing.luoying.state.lan.RoomStateBtnPanel$2 -> name.huliqing.luoying.a.a.r:
    name.huliqing.luoying.state.lan.RoomStateBtnPanel this$0 -> a
    void <init>(name.huliqing.luoying.state.lan.RoomStateBtnPanel) -> <init>
    void onClick(name.huliqing.ly.ui.UI,boolean) -> onClick
name.huliqing.luoying.state.lan.RoomStateBtnPanel$3 -> name.huliqing.luoying.a.a.s:
    name.huliqing.luoying.state.lan.RoomStateBtnPanel this$0 -> a
    void <init>(name.huliqing.luoying.state.lan.RoomStateBtnPanel) -> <init>
    void onClick(name.huliqing.ly.ui.UI,boolean) -> onClick
name.huliqing.luoying.state.lan.RoomStateClientImpl -> name.huliqing.luoying.a.a.t:
    java.util.logging.Logger LOG -> a
    name.huliqing.luoying.LuoYing app -> b
    name.huliqing.luoying.state.lan.RoomStatePanel clientPanel -> c
    name.huliqing.ly.ui.LinearLayout helpPanel -> d
    name.huliqing.ly.view.HelpView helpStateCheck -> e
    name.huliqing.ly.view.HelpView helpWaitForStart -> f
    name.huliqing.ly.view.HelpView helpLoading -> g
    name.huliqing.luoying.state.lan.RoomStateBtnPanel btnPanel -> h
    name.huliqing.luoying.state.lan.RoomData roomData -> i
    boolean startGame -> j
    name.huliqing.ly.network.GameClient gameClient -> k
    void <init>(name.huliqing.luoying.state.lan.RoomData) -> <init>
    void <init>(name.huliqing.ly.network.GameClient) -> <init>
    void initialize(com.jme3.app.state.AppStateManager,com.jme3.app.Application) -> initialize
    void update(float) -> update
    void startGame() -> b
    void kickClient() -> c
    void back() -> a
    void cleanup() -> cleanup
    void updateHelp() -> d
    name.huliqing.luoying.state.lan.RoomStatePanel access$000(name.huliqing.luoying.state.lan.RoomStateClientImpl) -> a
    void access$100(name.huliqing.luoying.state.lan.RoomStateClientImpl) -> b
    boolean access$202(name.huliqing.luoying.state.lan.RoomStateClientImpl,boolean) -> a
    void <clinit>() -> <clinit>
name.huliqing.luoying.state.lan.RoomStateClientImpl$RoomClientListener -> name.huliqing.luoying.a.a.u:
    name.huliqing.luoying.state.lan.RoomStateClientImpl this$0 -> a
    void <init>(name.huliqing.luoying.state.lan.RoomStateClientImpl,com.jme3.app.Application) -> <init>
    void onGameDataLoaded(name.huliqing.ly.network.GameClient,name.huliqing.ly.data.GameData) -> onGameDataLoaded
    void processClientDisconnected(name.huliqing.ly.network.GameClient,com.jme3.network.Client,com.jme3.network.ClientStateListener$DisconnectInfo) -> processClientDisconnected
    void processClientMessage(name.huliqing.ly.network.GameClient,com.jme3.network.Client,com.jme3.network.Message) -> processClientMessage
    void update(float,name.huliqing.ly.network.GameClient) -> update
    void onServerStateChange(name.huliqing.ly.network.GameClient,name.huliqing.ly.network.GameServer$ServerState) -> onServerStateChange
    void checkToStart(name.huliqing.ly.network.GameClient) -> a
    void onClientsUpdated(name.huliqing.ly.network.GameClient,java.util.List) -> onClientsUpdated
name.huliqing.luoying.state.lan.RoomStatePanel -> name.huliqing.luoying.a.a.v:
    name.huliqing.ly.view.ClientsView clientsView -> a
    name.huliqing.luoying.state.lan.LanGameInfoView gameOverview -> b
    void <init>(float,float) -> <init>
    void setGameData(name.huliqing.ly.data.GameData) -> a
    void updateViewChildren() -> updateViewChildren
    void setClients(java.util.List) -> a
    name.huliqing.ly.data.ConnData getSelected() -> a
name.huliqing.luoying.state.lan.RoomStateServerImpl -> name.huliqing.luoying.a.a.ai:
    java.util.logging.Logger LOG -> a
    name.huliqing.luoying.LuoYing app -> b
    name.huliqing.luoying.state.lan.RoomStatePanel clientPanel -> c
    name.huliqing.ly.ui.LinearLayout helpPanel -> d
    name.huliqing.ly.view.HelpView helpInServerRoom -> e
    name.huliqing.ly.view.HelpView helpLoading -> f
    name.huliqing.luoying.state.lan.RoomStateBtnPanel btnPanel -> g
    name.huliqing.ly.data.GameData gameData -> h
    boolean startGame -> i
    name.huliqing.ly.network.GameServer gameServer -> j
    void <init>(name.huliqing.ly.data.GameData) -> <init>
    void initialize(com.jme3.app.state.AppStateManager,com.jme3.app.Application) -> initialize
    void update(float) -> update
    void startGame() -> b
    void kickClient() -> c
    void back() -> a
    void cleanup() -> cleanup
    void refreshClients() -> d
    void access$000(name.huliqing.luoying.state.lan.RoomStateServerImpl) -> a
    void <clinit>() -> <clinit>
name.huliqing.luoying.state.lan.RoomStateServerImpl$LanRoomServerListener -> name.huliqing.luoying.a.a.aj:
    name.huliqing.luoying.state.lan.RoomStateServerImpl this$0 -> a
    void <init>(name.huliqing.luoying.state.lan.RoomStateServerImpl,com.jme3.app.Application) -> <init>
    void onClientsUpdated(name.huliqing.ly.network.GameServer) -> onClientsUpdated
    void processServerMessage(name.huliqing.ly.network.GameServer,com.jme3.network.HostedConnection,com.jme3.network.Message) -> processServerMessage
    void onClientRemoved(name.huliqing.ly.network.GameServer,com.jme3.network.HostedConnection) -> onClientRemoved
    void update(float,name.huliqing.ly.network.GameServer) -> update
    void addSyncObject(java.lang.Object) -> addSyncObject
    boolean removeSyncObject(java.lang.Object) -> removeSyncObject
    void cleanup() -> cleanup
name.huliqing.luoying.state.start.LocaleView -> name.huliqing.luoying.a.b.a:
    name.huliqing.ly.layer.service.ConfigService configService -> a
    name.huliqing.luoying.state.start.StartState startState -> b
    java.util.List locales -> c
    void <init>(float,float,name.huliqing.luoying.state.start.StartState) -> <init>
    int getRowTotal() -> getRowTotal
    name.huliqing.ly.ui.Row createEmptyRow() -> createEmptyRow
    java.util.List getDatas() -> getDatas
    name.huliqing.luoying.state.start.StartState access$100(name.huliqing.luoying.state.start.LocaleView) -> a
name.huliqing.luoying.state.start.LocaleView$LocaleRow -> name.huliqing.luoying.a.b.v:
    name.huliqing.ly.ui.Text text -> b
    java.lang.String locale -> c
    name.huliqing.luoying.state.start.LocaleView this$0 -> a
    void <init>(name.huliqing.luoying.state.start.LocaleView) -> <init>
    void updateViewChildren() -> updateViewChildren
    void clickEffect(boolean) -> clickEffect
    void displayRow(java.lang.String) -> a
    void displayRow(java.lang.Object) -> displayRow
    java.lang.String access$000(name.huliqing.luoying.state.start.LocaleView$LocaleRow) -> a
name.huliqing.luoying.state.start.LocaleView$LocaleRow$1 -> name.huliqing.luoying.a.b.w:
    name.huliqing.luoying.state.start.LocaleView val$this$0 -> a
    name.huliqing.luoying.state.start.LocaleView$LocaleRow this$1 -> b
    void <init>(name.huliqing.luoying.state.start.LocaleView$LocaleRow,name.huliqing.luoying.state.start.LocaleView) -> <init>
    void onClick(name.huliqing.ly.ui.UI,boolean) -> onClick
name.huliqing.luoying.state.start.SButton -> name.huliqing.luoying.a.b.b:
    void <init>(java.lang.String) -> <init>
    void clickEffect(boolean) -> clickEffect
    void setActived(boolean) -> a
name.huliqing.luoying.state.start.SaveView -> name.huliqing.luoying.a.b.c:
    name.huliqing.luoying.state.start.StartState startState -> a
    name.huliqing.luoying.state.start.SaveView$SaveList saveList -> b
    name.huliqing.luoying.state.start.SaveView$ButtonPanel btnPanel -> c
    void <init>(float,float,name.huliqing.luoying.state.start.StartState) -> <init>
    void updateViewChildren() -> updateViewChildren
    java.lang.String get(java.lang.String) -> a
    java.lang.String access$100(name.huliqing.luoying.state.start.SaveView,java.lang.String) -> a
    name.huliqing.luoying.state.start.SaveView$SaveList access$200(name.huliqing.luoying.state.start.SaveView) -> a
    name.huliqing.luoying.state.start.StartState access$500(name.huliqing.luoying.state.start.SaveView) -> b
name.huliqing.luoying.state.start.SaveView$ButtonPanel -> name.huliqing.luoying.a.b.d:
    name.huliqing.ly.ui.Button save -> b
    name.huliqing.ly.ui.Button load -> c
    name.huliqing.ly.ui.Button delete -> d
    java.text.SimpleDateFormat sdf -> e
    name.huliqing.luoying.state.start.SaveView this$0 -> a
    void <init>(name.huliqing.luoying.state.start.SaveView) -> <init>
    void updateViewChildren() -> updateViewChildren
name.huliqing.luoying.state.start.SaveView$ButtonPanel$1 -> name.huliqing.luoying.a.b.e:
    name.huliqing.luoying.state.start.SaveView val$this$0 -> a
    name.huliqing.luoying.state.start.SaveView$ButtonPanel this$1 -> b
    void <init>(name.huliqing.luoying.state.start.SaveView$ButtonPanel,name.huliqing.luoying.state.start.SaveView) -> <init>
    void onClick(name.huliqing.ly.ui.UI,boolean) -> onClick
name.huliqing.luoying.state.start.SaveView$ButtonPanel$2 -> name.huliqing.luoying.a.b.f:
    name.huliqing.luoying.state.start.SaveView val$this$0 -> a
    name.huliqing.luoying.state.start.SaveView$ButtonPanel this$1 -> b
    void <init>(name.huliqing.luoying.state.start.SaveView$ButtonPanel,name.huliqing.luoying.state.start.SaveView) -> <init>
    void onClick(name.huliqing.ly.ui.UI,boolean) -> onClick
name.huliqing.luoying.state.start.SaveView$ButtonPanel$3 -> name.huliqing.luoying.a.b.g:
    name.huliqing.luoying.state.start.SaveView val$this$0 -> a
    name.huliqing.luoying.state.start.SaveView$ButtonPanel this$1 -> b
    void <init>(name.huliqing.luoying.state.start.SaveView$ButtonPanel,name.huliqing.luoying.state.start.SaveView) -> <init>
    void onClick(name.huliqing.ly.ui.UI,boolean) -> onClick
name.huliqing.luoying.state.start.SaveView$SaveList -> name.huliqing.luoying.a.b.h:
    java.util.List saves -> b
    name.huliqing.luoying.state.start.SaveView$SaveRow selected -> c
    name.huliqing.luoying.state.start.SaveView this$0 -> a
    void <init>(name.huliqing.luoying.state.start.SaveView,float,float) -> <init>
    name.huliqing.ly.ui.Row createEmptyRow() -> createEmptyRow
    java.util.List getDatas() -> getDatas
    void setSelected(name.huliqing.luoying.state.start.SaveView$SaveRow) -> a
    name.huliqing.luoying.state.start.SaveView$SaveRow access$300(name.huliqing.luoying.state.start.SaveView$SaveList) -> a
name.huliqing.luoying.state.start.SaveView$SaveRow -> name.huliqing.luoying.a.b.x:
    name.huliqing.luoying.state.start.SaveView$SaveList saveList -> b
    name.huliqing.ly.ui.Text saveName -> c
    name.huliqing.luoying.state.start.SaveView this$0 -> a
    void <init>(name.huliqing.luoying.state.start.SaveView,name.huliqing.luoying.state.start.SaveView$SaveList) -> <init>
    void displayRow(java.lang.String) -> a
    void updateViewChildren() -> updateViewChildren
    void setActive(boolean) -> a
    void clickEffect(boolean) -> clickEffect
    void displayRow(java.lang.Object) -> displayRow
    name.huliqing.luoying.state.start.SaveView$SaveList access$000(name.huliqing.luoying.state.start.SaveView$SaveRow) -> a
    name.huliqing.ly.ui.Text access$400(name.huliqing.luoying.state.start.SaveView$SaveRow) -> b
name.huliqing.luoying.state.start.SaveView$SaveRow$1 -> name.huliqing.luoying.a.b.y:
    name.huliqing.luoying.state.start.SaveView val$this$0 -> a
    name.huliqing.luoying.state.start.SaveView$SaveRow this$1 -> b
    void <init>(name.huliqing.luoying.state.start.SaveView$SaveRow,name.huliqing.luoying.state.start.SaveView) -> <init>
    void onClick(name.huliqing.ly.ui.UI,boolean) -> onClick
name.huliqing.luoying.state.start.StartState -> name.huliqing.luoying.a.b.i:
    name.huliqing.ly.layer.service.GameService gameService -> a
    name.huliqing.luoying.LuoYing app -> b
    com.jme3.scene.Node localRoot -> c
    name.huliqing.luoying.state.start.StartView startPanel -> d
    name.huliqing.luoying.state.start.StoryView storyPanel -> e
    name.huliqing.luoying.state.start.SaveView savePanel -> f
    name.huliqing.luoying.state.start.LocaleView settingsPanel -> g
    name.huliqing.luoying.state.start.StartState$Menu defMenu -> h
    name.huliqing.ly.ui.Icon viewBtn -> i
    com.jme3.effect.ParticleEmitter emitter -> j
    void <init>(com.jme3.app.SimpleApplication) -> <init>
    void initialize(com.jme3.app.state.AppStateManager,com.jme3.app.Application) -> initialize
    void update(float) -> update
    void showStoryPanel(name.huliqing.ly.save.SaveStory) -> a
    void showSavePanel() -> a
    void showLocalePanel() -> b
    void hideAllPanel() -> c
    void startState(com.jme3.app.state.AppState) -> a
    void startLanState() -> d
    void refreshState(name.huliqing.luoying.state.start.StartState$Menu) -> a
    void cleanup() -> cleanup
    name.huliqing.ly.layer.service.GameService access$000(name.huliqing.luoying.state.start.StartState) -> a
name.huliqing.luoying.state.start.StartState$1 -> name.huliqing.luoying.a.b.j:
    name.huliqing.luoying.state.start.StartState this$0 -> a
    void <init>(name.huliqing.luoying.state.start.StartState) -> <init>
    void onClick(name.huliqing.ly.ui.UI,boolean) -> onClick
name.huliqing.luoying.state.start.StartState$2 -> name.huliqing.luoying.a.b.k:
    int[] $SwitchMap$name$huliqing$luoying$state$start$StartState$Menu -> a
    void <clinit>() -> <clinit>
name.huliqing.luoying.state.start.StartState$Menu -> name.huliqing.luoying.a.b.l:
    name.huliqing.luoying.state.start.StartState$Menu menu_new -> a
    name.huliqing.luoying.state.start.StartState$Menu menu_story -> b
    name.huliqing.luoying.state.start.StartState$Menu menu_save -> c
    name.huliqing.luoying.state.start.StartState$Menu menu_settings -> d
    name.huliqing.luoying.state.start.StartState$Menu[] $VALUES -> e
    name.huliqing.luoying.state.start.StartState$Menu[] values() -> values
    name.huliqing.luoying.state.start.StartState$Menu valueOf(java.lang.String) -> valueOf
    void <init>(java.lang.String,int) -> <init>
    void <clinit>() -> <clinit>
name.huliqing.luoying.state.start.StartView -> name.huliqing.luoying.a.b.m:
    name.huliqing.luoying.state.start.StartState startState -> a
    name.huliqing.luoying.state.start.SButton newGame -> b
    name.huliqing.luoying.state.start.SButton continued -> c
    name.huliqing.luoying.state.start.SButton save -> d
    name.huliqing.luoying.state.start.SButton network -> e
    name.huliqing.luoying.state.start.SButton settings -> f
    name.huliqing.luoying.state.start.SButton exit -> g
    void <init>(float,float,name.huliqing.luoying.state.start.StartState) -> <init>
    void init() -> e
    void updateViewChildren() -> updateViewChildren
    void setEvent() -> f
    name.huliqing.luoying.state.start.SButton getNewGame() -> a
    name.huliqing.luoying.state.start.SButton getContinued() -> b
    name.huliqing.luoying.state.start.SButton getSave() -> c
    name.huliqing.luoying.state.start.SButton getSettings() -> d
    void disableAllButton() -> g
    void access$000(name.huliqing.luoying.state.start.StartView) -> a
    name.huliqing.luoying.state.start.StartState access$100(name.huliqing.luoying.state.start.StartView) -> b
name.huliqing.luoying.state.start.StartView$1 -> name.huliqing.luoying.a.b.n:
    name.huliqing.luoying.state.start.StartView this$0 -> a
    void <init>(name.huliqing.luoying.state.start.StartView) -> <init>
    void onClick(name.huliqing.ly.ui.UI,boolean) -> onClick
name.huliqing.luoying.state.start.StartView$2 -> name.huliqing.luoying.a.b.o:
    name.huliqing.luoying.state.start.StartView this$0 -> a
    void <init>(name.huliqing.luoying.state.start.StartView) -> <init>
    void onClick(name.huliqing.ly.ui.UI,boolean) -> onClick
name.huliqing.luoying.state.start.StartView$3 -> name.huliqing.luoying.a.b.p:
    name.huliqing.luoying.state.start.StartView this$0 -> a
    void <init>(name.huliqing.luoying.state.start.StartView) -> <init>
    void onClick(name.huliqing.ly.ui.UI,boolean) -> onClick
name.huliqing.luoying.state.start.StartView$4 -> name.huliqing.luoying.a.b.q:
    name.huliqing.luoying.state.start.StartView this$0 -> a
    void <init>(name.huliqing.luoying.state.start.StartView) -> <init>
    void onClick(name.huliqing.ly.ui.UI,boolean) -> onClick
name.huliqing.luoying.state.start.StartView$5 -> name.huliqing.luoying.a.b.r:
    name.huliqing.luoying.state.start.StartView this$0 -> a
    void <init>(name.huliqing.luoying.state.start.StartView) -> <init>
    void onClick(name.huliqing.ly.ui.UI,boolean) -> onClick
name.huliqing.luoying.state.start.StartView$6 -> name.huliqing.luoying.a.b.s:
    name.huliqing.luoying.state.start.StartView this$0 -> a
    void <init>(name.huliqing.luoying.state.start.StartView) -> <init>
    void onClick(name.huliqing.ly.ui.UI,boolean) -> onClick
name.huliqing.luoying.state.start.StoryView -> name.huliqing.luoying.a.b.t:
    name.huliqing.ly.layer.service.GameService gameService -> a
    java.util.List datas -> b
    name.huliqing.luoying.state.start.StartState startState -> c
    name.huliqing.ly.save.SaveStory saveStory -> d
    void <init>(float,float,name.huliqing.luoying.state.start.StartState) -> <init>
    int getRowTotal() -> getRowTotal
    name.huliqing.ly.ui.Row createEmptyRow() -> createEmptyRow
    java.util.List getDatas() -> getDatas
    void setSaveStory(name.huliqing.ly.save.SaveStory) -> a
    void updateStoryList() -> a
    java.lang.String get(java.lang.String) -> a
    name.huliqing.ly.layer.service.GameService access$100(name.huliqing.luoying.state.start.StoryView) -> a
    name.huliqing.ly.save.SaveStory access$200(name.huliqing.luoying.state.start.StoryView) -> b
    name.huliqing.luoying.state.start.StartState access$300(name.huliqing.luoying.state.start.StoryView) -> c
name.huliqing.luoying.state.start.StoryView$StoryData -> name.huliqing.luoying.a.b.u:
    java.lang.String gameName -> a
    java.lang.String gameId -> b
    boolean enabled -> c
    name.huliqing.luoying.state.start.StoryView this$0 -> d
    void <init>(name.huliqing.luoying.state.start.StoryView,java.lang.String,java.lang.String) -> <init>
name.huliqing.luoying.state.start.StoryView$StoryRow -> name.huliqing.luoying.a.b.z:
    name.huliqing.luoying.state.start.StoryView$StoryData storyData -> b
    name.huliqing.ly.ui.Text text -> c
    name.huliqing.luoying.state.start.StoryView this$0 -> a
    void <init>(name.huliqing.luoying.state.start.StoryView,name.huliqing.ly.ui.ListView) -> <init>
    void updateViewChildren() -> updateViewChildren
    boolean fireClick(boolean) -> fireClick
    void clickEffect(boolean) -> clickEffect
    void displayRow(name.huliqing.luoying.state.start.StoryView$StoryData) -> a
    void displayRow(java.lang.Object) -> displayRow
    name.huliqing.luoying.state.start.StoryView$StoryData access$000(name.huliqing.luoying.state.start.StoryView$StoryRow) -> a
name.huliqing.luoying.state.start.StoryView$StoryRow$1 -> name.huliqing.luoying.a.b.aa:
    name.huliqing.luoying.state.start.StoryView val$this$0 -> a
    name.huliqing.luoying.state.start.StoryView$StoryRow this$1 -> b
    void <init>(name.huliqing.luoying.state.start.StoryView$StoryRow,name.huliqing.luoying.state.start.StoryView) -> <init>
    void onClick(name.huliqing.ly.ui.UI,boolean) -> onClick
